========================================
Task 25: CV_24 snap_080 on c314-121.ls6.tacc.utexas.edu
Started: Wed Sep  2 08:35:30 CDT 2026
========================================
[1/2] generate: data/IllustrisTNG/CV/CV_24/snap_080.hdf5  (lines: lya,lya_h)
[generate] started 2026-09-02 08:35:30
======================================================================
GENERATING SPECTRA FROM SIMULATION SNAPSHOT
======================================================================
Snapshot:    data/IllustrisTNG/CV/CV_24/snap_080.hdf5
Snap number: 80
Sightlines:  10000
Resolution:  0.1 km/s/pixel
Random seed: 42
Lines:		Lyman-alpha (H1 1215Å)  Lyman-alpha (total H, no ionisation correction) (H-1 1215Å)  

[1/5] Loading snapshot metadata...
Redshift:      z = 0.270
Box size:      29.33 Mpc/h
Gas particles: 15,772,085

[2/5] Setting up sightlines...
Loading sightlines from: output/sightlines/analysis_sightlines_2025-01-28.hdf5
Loaded 10000 sightlines
  Positions range: [0.3, 24998.1] ckpc/h
  Axes: x=3238, y=3440, z=3322

[3/5] Initializing fake_spectra (applying Python 3.13 bugfixes)...
Applied fake_spectra bugfixes for Python 3.13 compatibility
Output will be saved to: /tmp/camel_lya_lya_h_spectra_CV_24_snap_080_n10000.hdf5

[4/5] Initializing spectra object...
Reloading from snapshot (will save to:  /tmp/camel_lya_lya_h_spectra_CV_24_snap_080_n10000.hdf5  )
10000  sightlines. resolution:  0.10000239620204407  z= 0.26996399694628015
Loaded snapshot 80
Initialized 10000 sightlines
Velocity range: 2256.95 km/s
Resolution: 0.1000 km/s/pixel

[5/5] Computing optical depths...
[1/2] Lyman-alpha (H 1 1215Å)... OK (140.6s, tau=(10000, 22569), colden=(10000, 22569))
[2/2] Lyman-alpha (total H, no ionisation correction) (H -1 1215Å)... OK (559.2s, tau=(10000, 22569), colden=(10000, 22569))
  Total computation time: 699.8s

Computing temperature and density in 5 chunks of ~2000 sightlines...
  Total sightlines: 10000
  Chunk size: 2000

  Chunk 1/5: sightlines 0-1999 (2000 sightlines)
    Computing temperature... OK (shape: (2000, 22569))
    Computing density-weighted density... OK (shape: (2000, 22569))

  Chunk 2/5: sightlines 2000-3999 (2000 sightlines)
    Computing temperature... OK (shape: (2000, 22569))
    Computing density-weighted density... OK (shape: (2000, 22569))

  Chunk 3/5: sightlines 4000-5999 (2000 sightlines)
    Computing temperature... OK (shape: (2000, 22569))
    Computing density-weighted density... OK (shape: (2000, 22569))

  Chunk 4/5: sightlines 6000-7999 (2000 sightlines)
    Computing temperature... OK (shape: (2000, 22569))
    Computing density-weighted density... OK (shape: (2000, 22569))

  Chunk 5/5: sightlines 8000-9999 (2000 sightlines)
    Computing temperature... OK (shape: (2000, 22569))
    Computing density-weighted density... OK (shape: (2000, 22569))

  Concatenating 5 chunks...
    Temperature shape: (10000, 22569)
    Density shape: (10000, 22569)
  ✓ Temperature and density computation complete

Saving to HDF5...
Saved to: /tmp/camel_lya_lya_h_spectra_CV_24_snap_080_n10000.hdf5
Added velocity spacing to header: vmax=2256.95 km/s, dvbin=0.1000 km/s/pixel
Saved sightlines to /Sightlines/ group in spectra file

======================================================================
Spectra saved to:
  /tmp/camel_lya_lya_h_spectra_CV_24_snap_080_n10000.hdf5
======================================================================
[generate] finished in 00:14:12  (status 0)
TIMING job=3409091 task=25 sim=CV_24 snap=080 step=generate status=0 seconds=852 elapsed=00:14:12
[2/2] analyze: spectra/IllustrisTNG/CV/CV_24/camel_lya_lya_h_spectra_snap_080_n10000.hdf5
[analyze] started 2026-09-02 08:49:42
======================================================================
ANALYZING LYMAN-ALPHA SPECTRA
======================================================================
Input file: spectra/IllustrisTNG/CV/CV_24/camel_lya_lya_h_spectra_snap_080_n10000.hdf5
Workers: 1

[1/5] Loading spectra data...
Auto-detected: Lyman-alpha (H I 1215Å)
  Loaded column density data from colden/H/1
  Using fake_spectra's pre-computed column densities for accuracy
Sightlines: 10000
Pixels: 22569
Redshift: z = 0.270

======================================================================
COMPREHENSIVE ANALYSIS
======================================================================

[1/8] Computing basic flux statistics...
Statistics:
========================================
Mean flux:              0.9576
Median flux:            0.9975
Std dev:                0.1324

Effective tau_eff:        0.0433
Mean tau:                 422.7599
Median tau:               0.0025

Deep absorption:        0.71%
Moderate absorption:    1.64%
Weak absorption:        97.65%

[2/8] Computing effective optical depth tau_eff...
tau_eff = 0.0433 ± 0.0011
  (per-sightline scatter sigma = 0.1145; the +/- above is sigma/sqrt(N), internal only -- no cosmic variance)
Mean transmitted flux <F> = 0.9576 ± 0.0005

[2b/8] Computing flux and optical-depth PDFs...
Flux PDF: 50 bins on [0, 1]
log10(tau) PDF: 60 bins on [-3, 2]; 0.070% of pixels above the grid, 0.000% at tau = 0

[2c/8] Found total-H optical depth (ion = -1); computing tau_eff_H...
tau_eff(H, total)  = 14.4332
tau_eff(HI)/tau_eff(H) = 2.9985e-03  (effective HI fraction)
Using velocity spacing from header: 0.1000 km/s/pixel

[3/8] Computing flux power spectrum P_F(k)...
Computed power spectrum with 11285 k-modes
k range: 0.0028 to 31.41 s/km
Mean flux used: 0.9576

[4/8] Computing column density distribution f(N_HI) using simple method...
Absorbers: fixed 50 km/s cells (fake_spectra line=False); N per absorber: summed pixel colden
Identified 450000 absorbers
Absorption path length: X = 0.013449 (absorption distance, dimensionless)
Power law index β = 2.13

[4b/8] Computing line width distribution b(N_HI)...
Identified 12680 absorbers with b-parameters
Median b-parameter: 78.5 km/s
Mean b-parameter: 61.0 ± 22.6 km/s
Implied temperature: 47624 × 10³ K

[4e/8] Mean-flux rescaling to observed tau_eff...
Skipped: z = 0.26996399694628015 is outside the Kim+07 validity range (1.7 < z < 4). Extrapolating that power law is not meaningful; the low-z reference (HST/COS, Danforth+2016) is not implemented yet.

[4c/8] Checking for temperature-density data...
Found temperature and density data - using chunked processing...
Processing T-ρ data: 10,000 sightlines × 22,569 pixels
Using chunk size: 1000
  Processing chunk 1/10 (0-1,000)
  Processing chunk 2/10 (1,000-2,000)
  Processing chunk 3/10 (2,000-3,000)
  Processing chunk 4/10 (3,000-4,000)
  Processing chunk 5/10 (4,000-5,000)
  Processing chunk 6/10 (5,000-6,000)
  Processing chunk 7/10 (6,000-7,000)
  Processing chunk 8/10 (7,000-8,000)
  Processing chunk 9/10 (8,000-9,000)
  Processing chunk 10/10 (9,000-10,000)
  Total valid pixels: 21,885,355
  Valid pixels: 21,885,355
  T_0 (at mean density): 22675 K
  gamma (polytropic index): 1.104

[4d/8] Checking for multi-line data...
Found 2 spectral lines - performing multi-line analysis...
Analyzing H (total) 1215Å (threshold=0.5)...
Absorbers: 10000, dN/dz: 10.00, covering: 100.0%
Analyzing HI 1215Å (threshold=0.5)...
Absorbers: 12206, dN/dz: 12.21, covering: 3.1%
Multi-line analysis complete

[5/8] Setting up plots...

[6/8] Creating comprehensive analysis plots...
  Saved: /work/11170/roy/CGM/plots/IllustrisTNG/CV/CV_24/camel_sample_spectra_snap_080.png
[a] Sample spectra: /work/11170/roy/CGM/plots/IllustrisTNG/CV/CV_24/camel_sample_spectra_snap_080.png
  Saved: /work/11170/roy/CGM/plots/IllustrisTNG/CV/CV_24/camel_power_spectrum_snap_080.png
[b] Power spectrum: /work/11170/roy/CGM/plots/IllustrisTNG/CV/CV_24/camel_power_spectrum_snap_080.png
  Saved: /work/11170/roy/CGM/plots/IllustrisTNG/CV/CV_24/camel_cddf_snap_080.png
[c] CDDF: /work/11170/roy/CGM/plots/IllustrisTNG/CV/CV_24/camel_cddf_snap_080.png
  Saved: /work/11170/roy/CGM/plots/IllustrisTNG/CV/CV_24/camel_line_widths_snap_080.png
[d] Line widths: /work/11170/roy/CGM/plots/IllustrisTNG/CV/CV_24/camel_line_widths_snap_080.png
  Saved: /work/11170/roy/CGM/plots/IllustrisTNG/CV/CV_24/camel_temp_density_snap_080.png
[e] T-ρ relation: /work/11170/roy/CGM/plots/IllustrisTNG/CV/CV_24/camel_temp_density_snap_080.png
  Saved: /work/11170/roy/CGM/plots/IllustrisTNG/CV/CV_24/camel_multi_line_comparison_snap_080.png
[f] Multi-line comparison: /work/11170/roy/CGM/plots/IllustrisTNG/CV/CV_24/camel_multi_line_comparison_snap_080.png

[7/8] Creating detailed statistics plots...
  [d] Statistics: /work/11170/roy/CGM/plots/IllustrisTNG/CV/CV_24/camel_statistics_snap_080.png

[8] Creating diagnostic plots from snapshot
----------------------------------------------------------------------
Found snapshot: /work/11170/roy/CGM/data/IllustrisTNG/CV/CV_24/snap_080.hdf5
Warning: Could not create diagnostic plots: name 'plot_snapshot_diagnostic' is not defined

[9/8] Exporting analysis results...
Saved 8 CSV data files to: /work/11170/roy/CGM/output/analysis/IllustrisTNG/CV/CV_24/snap-080
Exported analysis data to: /work/11170/roy/CGM/output/analysis/IllustrisTNG/CV/CV_24/snap-080

======================================================================
COMPREHENSIVE ANALYSIS COMPLETE
======================================================================

Key Results:
Mean flux <F>:           0.9576 ± 0.0005
Effective tau tau_eff:     0.0433 ± 0.0011
tau_eff(HI)/tau_eff(H):  2.9985e-03
Number of absorbers:     450000
CDDF power law β:        2.13
Mean b-parameter:        61.0 ± 22.6 km/s
Implied temperature:     47624 × 10³ K
T_0 (at mean density):    22675 K
gamma (polytropic index):    1.104
Multi-line analysis:     2 lines detected
H (total) 1215Å: 10000 absorbers, dN/dz= 10.0, covering=100.0%
HI 1215Å       : 12206 absorbers, dN/dz= 12.2, covering= 3.1%

Plots saved to: /work/11170/roy/CGM/plots
- Sample spectra
- Flux power spectrum P_F(k)
- Column density distribution f(N_HI)
- Line width distribution b(N_HI)
- Temperature-density relation T(ρ)
- Multi-line comparison
- Detailed statistics

Data exported to: /work/11170/roy/CGM/output/analysis/IllustrisTNG/CV/CV_24/snap-080
- power_spectrum.csv
- cddf.csv
- flux_stats.csv
- flux_pdf.csv
- tau_pdf.csv
- line_widths.csv
- temp_density.csv
- metal_lines.csv
======================================================================
[analyze] finished in 00:02:28  (status 0)
TIMING job=3409091 task=25 sim=CV_24 snap=080 step=analyze status=0 seconds=148 elapsed=00:02:28
[total] 00:16:41
TIMING job=3409091 task=25 sim=CV_24 snap=080 step=total status=0 seconds=1001 elapsed=00:16:41
CV_24 snap_080 done: Wed Sep  2 08:52:11 CDT 2026
